             VMA              LMA     Size Align Out     In      Symbol
           10000            10000     2a1d     1 .text
           10000            10000     2a1d     1         D:\code\dustlang\xdv-os\src\target\dust\obj_stage_boot\xdv_os_boot_bundle_fecb79926c435149.o:(.text)
           10000            10000     2a1d     1                 boot_main
           12a1d            12a1d      3aa     1 .data
           12a1d            12a1d      3aa     1         D:\code\dustlang\xdv-os\src\target\dust\obj_stage_boot\xdv_os_boot_bundle_fecb79926c435149.o:(.data)
           12a1d            12a1d        1     1                 __dust_str_0
           12a1e            12a1e        1     1                 __dust_str_1
           12a1f            12a1f        1     1                 __dust_str_2
           12a20            12a20        1     1                 __dust_str_3
           12a21            12a21        1     1                 __dust_str_4
           12a22            12a22        1     1                 __dust_str_5
           12a23            12a23        1     1                 __dust_str_6
           12a24            12a24        1     1                 __dust_str_7
           12a25            12a25       2f     1                 __dust_str_8
           12a54            12a54       2f     1                 __dust_str_9
           12a83            12a83       2f     1                 __dust_str_10
           12ab2            12ab2       2f     1                 __dust_str_11
           12ae1            12ae1       2f     1                 __dust_str_12
           12b10            12b10       21     1                 __dust_str_13
           12b31            12b31       21     1                 __dust_str_14
           12b52            12b52       21     1                 __dust_str_15
           12b73            12b73       21     1                 __dust_str_16
           12b94            12b94       21     1                 __dust_str_17
           12bb5            12bb5       21     1                 __dust_str_18
           12bd6            12bd6       21     1                 __dust_str_19
           12bf7            12bf7       21     1                 __dust_str_20
           12c18            12c18       1b     1                 __dust_str_21
           12c33            12c33       1b     1                 __dust_str_22
           12c4e            12c4e       29     1                 __dust_str_23
           12c77            12c77       1c     1                 __dust_str_24
           12c93            12c93       1a     1                 __dust_str_25
           12cad            12cad       2b     1                 __dust_str_26
           12cd8            12cd8       25     1                 __dust_str_27
           12cfd            12cfd       28     1                 __dust_str_28
           12d25            12d25       22     1                 __dust_str_29
           12d47            12d47       1d     1                 __dust_str_30
           12d64            12d64       1a     1                 __dust_str_31
           12d7e            12d7e       29     1                 __dust_str_32
           12da7            12da7       20     1                 __dust_str_33
               0                0       6c     1 .comment
               0                0       6c     1         <internal>:(.comment)
               0                0      378     8 .symtab
               0                0      378     8         <internal>:(.symtab)
               0                0       30     1 .shstrtab
               0                0       30     1         <internal>:(.shstrtab)
               0                0      1e9     1 .strtab
               0                0      1e9     1         <internal>:(.strtab)
