             VMA              LMA     Size Align Out     In      Symbol
           10000            10000     16a8     1 .text
           10000            10000        b     1         D:\code\dustlang\xdv-os\src\target\dust\obj_stage_boot\boot_disk_85036a2ce21af7b2.o:(.text)
           10000            10000        b     1                 disk_identify
           1000b            1000b        b     1         D:\code\dustlang\xdv-os\src\target\dust\obj_stage_boot\boot_gdt_d91d08a228c096a5.o:(.text)
           1000b            1000b        b     1                 gdt_descriptor_access
           10016            10016        b     1         D:\code\dustlang\xdv-os\src\target\dust\obj_stage_boot\boot_idt_40271401fa8cf2bd.o:(.text)
           10016            10016        b     1                 idt_enable
           10021            10021        b     1         D:\code\dustlang\xdv-os\src\target\dust\obj_stage_boot\boot_kernel_load_ccf6b689896981c1.o:(.text)
           10021            10021        b     1                 kernel_get_entry
           1002c            1002c        b     1         D:\code\dustlang\xdv-os\src\target\dust\obj_stage_boot\boot_loader_profile_07b7dba36b0266c0.o:(.text)
           1002c            1002c        b     1                 boot_loader_detect_mode
           10037            10037      255     1         D:\code\dustlang\xdv-os\src\target\dust\obj_stage_boot\boot_mbr_3e9118691805bb33.o:(.text)
           10037            10037      255     1                 boot_halt
           1028c            1028c        b     1         D:\code\dustlang\xdv-os\src\target\dust\obj_stage_boot\boot_paging_ed5e272d80fe1ef6.o:(.text)
           1028c            1028c        b     1                 is_page_aligned
           10297            10297        b     1         D:\code\dustlang\xdv-os\src\target\dust\obj_stage_boot\boot_splash_profile_f35bd8bf85fb7ae1.o:(.text)
           10297            10297        b     1                 boot_splash_contract
           102a2            102a2      1a3     1         D:\code\dustlang\xdv-os\src\target\dust\obj_stage_boot\boot_stage1_44dc4fc9178025f4.o:(.text)
           102a2            102a2      1a3     1                 clear_screen
           10445            10445        b     1         D:\code\dustlang\xdv-os\src\target\dust\obj_stage_boot\boot_uefi_673b02ff5be0c70e.o:(.text)
           10445            10445        b     1                 uefi_handoff_kernel
           10450            10450      255     1         D:\code\dustlang\xdv-os\src\target\dust\obj_stage_boot\boot_xdvfs_mount_d82c3b983738035d.o:(.text)
           10450            10450      255     1                 xdvfs_get_kernel_lba
           106a5            106a5     1003     1         D:\code\dustlang\xdv-os\src\target\dust\obj_stage_boot\xdv_os_boot_contract_5725008c2d172573.o:(.text)
           106a5            106a5     1003     1                 xdv_os_boot_contract
           116a8            116a8      14f     1 .data
           116a8            116a8       22     1         D:\code\dustlang\xdv-os\src\target\dust\obj_stage_boot\boot_mbr_3e9118691805bb33.o:(.data)
           116a8            116a8       22     1                 __dust_str_0
           116ca            116ca       18     1         D:\code\dustlang\xdv-os\src\target\dust\obj_stage_boot\boot_stage1_44dc4fc9178025f4.o:(.data)
           116ca            116ca       18     1                 __dust_str_0
           116e2            116e2       22     1         D:\code\dustlang\xdv-os\src\target\dust\obj_stage_boot\boot_xdvfs_mount_d82c3b983738035d.o:(.data)
           116e2            116e2       22     1                 __dust_str_0
           11704            11704       f3     1         D:\code\dustlang\xdv-os\src\target\dust\obj_stage_boot\xdv_os_boot_contract_5725008c2d172573.o:(.data)
           11704            11704        1     1                 __dust_str_0
           11705            11705        1     1                 __dust_str_1
           11706            11706        1     1                 __dust_str_2
           11707            11707        1     1                 __dust_str_3
           11708            11708        1     1                 __dust_str_4
           11709            11709        1     1                 __dust_str_5
           1170a            1170a        1     1                 __dust_str_6
           1170b            1170b        1     1                 __dust_str_7
           1170c            1170c       2f     1                 __dust_str_8
           1173b            1173b       2f     1                 __dust_str_9
           1176a            1176a       2f     1                 __dust_str_10
           11799            11799       2f     1                 __dust_str_11
           117c8            117c8       2f     1                 __dust_str_12
               0                0       6c     1 .comment
               0                0       6c     1         <internal>:(.comment)
               0                0      3d8     8 .symtab
               0                0      3d8     8         <internal>:(.symtab)
               0                0       30     1 .shstrtab
               0                0       30     1         <internal>:(.shstrtab)
               0                0      236     1 .strtab
               0                0      236     1         <internal>:(.strtab)
