             VMA              LMA     Size Align Out     In      Symbol
           20000            20000     395b     1 .text
           20000            20000        b     1         D:\code\dustlang\xdv-os\src\target\dust\obj_stage_kernel\xdvfs_block_alloc_d42764907a921104.o:(.text)
           20000            20000        b     1                 allocate_block
           2000b            2000b        b     1         D:\code\dustlang\xdv-os\src\target\dust\obj_stage_kernel\xdvfs_directory_a27e74197d9285fe.o:(.text)
           2000b            2000b        b     1                 add_dir_entry
           20016            20016        b     1         D:\code\dustlang\xdv-os\src\target\dust\obj_stage_kernel\xdvfs_errors_a837fed8559dea88.o:(.text)
           20016            20016        b     1                 is_domain_error
           20021            20021      1b5     1         D:\code\dustlang\xdv-os\src\target\dust\obj_stage_kernel\xdvfs_format_d7160525ea35ac25.o:(.text)
           20021            20021      1b5     1                 finalize_format
           201d6            201d6        b     1         D:\code\dustlang\xdv-os\src\target\dust\obj_stage_kernel\xdvfs_inode_395d10e9b62f1bf8.o:(.text)
           201d6            201d6        b     1                 allocate_inode
           201e1            201e1        b     1         D:\code\dustlang\xdv-os\src\target\dust\obj_stage_kernel\xdvfs_k_file_97f58ff6b675b35d.o:(.text)
           201e1            201e1        b     1                 is_supported_open_flags
           201ec            201ec      181     1         D:\code\dustlang\xdv-os\src\target\dust\obj_stage_kernel\xdvfs_mount_45fa4a6e5d9cf8bf.o:(.text)
           201ec            201ec      181     1                 check_filesystem
           2036d            2036d        b     1         D:\code\dustlang\xdv-os\src\target\dust\obj_stage_kernel\xdvfs_partition_96d47933754d0220.o:(.text)
           2036d            2036d        b     1                 create_gpt_partition_table
           20378            20378        b     1         D:\code\dustlang\xdv-os\src\target\dust\obj_stage_kernel\xdvfs_phi_types_e7419c2b6e029d10.o:(.text)
           20378            20378        b     1                 phi_available
           20383            20383        b     1         D:\code\dustlang\xdv-os\src\target\dust\obj_stage_kernel\xdvfs_q_types_07dc0994b32c90b6.o:(.text)
           20383            20383        b     1                 q_available
           2038e            2038e        b     1         D:\code\dustlang\xdv-os\src\target\dust\obj_stage_kernel\xdvfs_storage_device_4c7b317fe1603c6c.o:(.text)
           2038e            2038e        b     1                 device_exists
           20399            20399        b     1         D:\code\dustlang\xdv-os\src\target\dust\obj_stage_kernel\xdvfs_superblock_c9c3627905f8f1d2.o:(.text)
           20399            20399        b     1                 create_superblock
           203a4            203a4     35b7     1         D:\code\dustlang\xdv-os\src\target\dust\obj_stage_kernel\xdv_os_kernel_bundle_1f9f3f39583e58c0.o:(.text)
           203a4            203a4     35b7     1                 kernel_start
           2395b            2395b      34d     1 .data
           2395b            2395b       19     1         D:\code\dustlang\xdv-os\src\target\dust\obj_stage_kernel\xdvfs_format_d7160525ea35ac25.o:(.data)
           2395b            2395b       19     1                 __dust_str_0
           23974            23974       16     1         D:\code\dustlang\xdv-os\src\target\dust\obj_stage_kernel\xdvfs_mount_45fa4a6e5d9cf8bf.o:(.data)
           23974            23974       16     1                 __dust_str_0
           2398a            2398a      31e     1         D:\code\dustlang\xdv-os\src\target\dust\obj_stage_kernel\xdv_os_kernel_bundle_1f9f3f39583e58c0.o:(.data)
           2398a            2398a       17     1                 __dust_str_0
           239a1            239a1       24     1                 __dust_str_1
           239c5            239c5       1f     1                 __dust_str_2
           239e4            239e4       17     1                 __dust_str_3
           239fb            239fb       24     1                 __dust_str_4
           23a1f            23a1f       17     1                 __dust_str_5
           23a36            23a36       20     1                 __dust_str_6
           23a56            23a56       1a     1                 __dust_str_7
           23a70            23a70       21     1                 __dust_str_8
           23a91            23a91       26     1                 __dust_str_9
           23ab7            23ab7       33     1                 __dust_str_10
           23aea            23aea       32     1                 __dust_str_11
           23b1c            23b1c       40     1                 __dust_str_12
           23b5c            23b5c       18     1                 __dust_str_13
           23b74            23b74       1f     1                 __dust_str_14
           23b93            23b93       1d     1                 __dust_str_15
           23bb0            23bb0       18     1                 __dust_str_16
           23bc8            23bc8       11     1                 __dust_str_17
           23bd9            23bd9       10     1                 __dust_str_18
           23be9            23be9       24     1                 __dust_str_19
           23c0d            23c0d       3d     1                 __dust_str_20
           23c4a            23c4a       22     1                 __dust_str_21
           23c6c            23c6c        3     1                 __dust_str_22
           23c6f            23c6f       1f     1                 __dust_str_23
           23c8e            23c8e       1a     1                 __dust_str_24
               0                0       6c     1 .comment
               0                0       6c     1         <internal>:(.comment)
               0                0      510     8 .symtab
               0                0      510     8         <internal>:(.symtab)
               0                0       30     1 .shstrtab
               0                0       30     1         <internal>:(.shstrtab)
               0                0      2e2     1 .strtab
               0                0      2e2     1         <internal>:(.strtab)
